
[1m[46m RUN [49m[22m [36mv4.0.17 [39m[90mC:/Users/samue/Documents/GitHub/task-runner[39m

node.exe : [31mNo 
test files found, 
exiting with code 1
At line:1 char:1
+ & "C:\Program Files
\nodejs/node.exe" 
"C:\Program 
Files\nodejs/node_mo 
...
+ ~~~~~~~~~~~~~~~~~~~
~~~~~~~~~~~~~~~~~~~~~
~~~~~~~~~~~~~~~~~~~~~
~~~~~~~~
    + CategoryInfo   
           : NotSpe  
  cified: ([31mNo   
  test fi...ing w    
ith code 1:Strin    
g) [], RemoteExc    
eption
    + FullyQualified 
   ErrorId : Native  
  CommandError
 
[39m
[2mfilter: [22m[33
mtests/reproduce_issu
e_73.spec.ts[39m
[2minclude: [22m[3
3mtests/**/*.test.ts
[39m
[2mexclude:  [22m[
33m**/node_modules/**
[2m, 
[22m**/.git/**[39m

JUNIT report written to C:/Users/samue/Documents/GitHub/task-runner/test-report.xml
